mode: set
test_project_go/calculator/calculator.go:4.24,6.2 1 1
test_project_go/calculator/calculator.go:9.29,11.2 1 1
test_project_go/calculator/calculator.go:15.29,16.22 1 1
test_project_go/calculator/calculator.go:16.22,18.3 1 1
test_project_go/calculator/calculator.go:19.2,19.14 1 0
test_project_go/calculator/calculator.go:24.34,25.12 1 1
test_project_go/calculator/calculator.go:25.12,27.3 1 0
test_project_go/calculator/calculator.go:28.2,28.21 1 1
test_project_go/calculator/calculator.go:32.36,33.12 1 0
test_project_go/calculator/calculator.go:33.12,35.3 1 0
test_project_go/calculator/calculator.go:36.2,36.36 1 0
test_project_go/calculator/calculator.go:40.31,42.12 2 1
test_project_go/calculator/calculator.go:42.12,46.3 3 1
test_project_go/calculator/calculator.go:47.2,47.17 1 1
test_project_go/calculator/calculator.go:53.41,56.30 1 1
test_project_go/calculator/calculator.go:56.30,58.3 1 1
test_project_go/calculator/calculator.go:61.2,61.9 1 1
test_project_go/calculator/calculator.go:62.19,63.14 1 1
test_project_go/calculator/calculator.go:64.19,65.13 1 1
test_project_go/calculator/calculator.go:66.19,67.14 1 1
test_project_go/calculator/calculator.go:68.19,69.13 1 1
test_project_go/calculator/calculator.go:70.19,71.13 1 0
test_project_go/calculator/calculator.go:72.19,73.13 1 1
test_project_go/calculator/calculator.go:74.10,75.13 1 1
test_project_go/calculator/entities.go:11.31,13.2 1 1
test_project_go/calculator/entities.go:16.30,18.2 1 1
test_project_go/calculator/entities.go:22.35,23.16 1 1
test_project_go/calculator/entities.go:23.16,26.3 1 1
test_project_go/calculator/entities.go:27.2,27.19 1 1
test_project_go/calculator/entities.go:37.57,38.20 1 0
test_project_go/calculator/entities.go:38.20,40.3 1 0
test_project_go/calculator/entities.go:41.2,41.44 1 0
test_project_go/calculator/entities.go:45.53,46.16 1 1
test_project_go/calculator/entities.go:46.16,48.3 1 1
test_project_go/calculator/entities.go:49.2,49.50 1 1
test_project_go/calculator/entities.go:54.32,56.2 1 1
test_project_go/calculator_2/calculator.go:4.24,6.2 1 1
test_project_go/calculator_2/calculator.go:9.29,11.2 1 1
test_project_go/calculator_2/calculator.go:15.29,16.22 1 0
test_project_go/calculator_2/calculator.go:16.22,18.3 1 0
test_project_go/calculator_2/calculator.go:19.2,19.14 1 0
test_project_go/calculator_2/calculator.go:24.34,25.12 1 1
test_project_go/calculator_2/calculator.go:25.12,27.3 1 0
test_project_go/calculator_2/calculator.go:28.2,28.21 1 1
test_project_go/calculator_2/calculator.go:34.41,36.30 1 1
test_project_go/calculator_2/calculator.go:36.30,38.3 1 1
test_project_go/calculator_2/calculator.go:41.2,41.9 1 1
test_project_go/calculator_2/calculator.go:42.19,43.13 1 1
test_project_go/calculator_2/calculator.go:44.19,45.13 1 1
test_project_go/calculator_2/calculator.go:46.19,47.13 1 0
test_project_go/calculator_2/calculator.go:48.19,49.13 1 1
test_project_go/calculator_2/calculator.go:50.10,51.13 1 1
test_project_go/calculator_2/entities.go:11.31,13.2 1 0
test_project_go/calculator_2/entities.go:16.30,18.2 1 0
test_project_go/calculator_2/entities.go:22.35,23.16 1 0
test_project_go/calculator_2/entities.go:23.16,26.3 1 0
test_project_go/calculator_2/entities.go:27.2,27.19 1 0
test_project_go/calculator_2/entities.go:37.57,38.20 1 0
test_project_go/calculator_2/entities.go:38.20,40.3 1 0
test_project_go/calculator_2/entities.go:41.2,41.44 1 0
test_project_go/calculator_2/entities.go:45.53,46.16 1 1
test_project_go/calculator_2/entities.go:46.16,48.3 1 1
test_project_go/calculator_2/entities.go:49.2,49.50 1 1
test_project_go/calculator_2/entities.go:54.32,56.2 1 0
